- request:
    method: POST
    url: /api/v1/report

  response:
    headers:
      content-type: application/json
      Access-Control-Allow-Origin: '*'
    status: 200
    file: ./frontend/exportPage/jsons/exportData.json

- request:
    method: GET
    url: /api/v1/pipelines/.*

  response:
    headers:
      content-type: application/json
      Access-Control-Allow-Origin: '*'
    status: 200
    file: ./frontend/config/pipeline.json

- request:
    method: GET
    url: /api/v1/boards/.*

  response:
    headers:
      content-type: application/json
      Access-Control-Allow-Origin: '*'
    status: 200
    file: ./frontend/config/board.json

- request:
    method: GET
    url: /api/v1/source-control.*

  response:
    headers:
      content-type: application/json
      Access-Control-Allow-Origin: '*'
    status: 200
    file: ./frontend/config/sourceControl.json
